2026-09-24 19:01:55,104 [INFO] ================================================================================
2026-09-24 19:01:55,104 [INFO] STARTING FINAL SYNTHESIS & MANUSCRIPT GENERATION
2026-09-24 19:01:55,104 [INFO] ================================================================================
2026-09-24 19:01:55,105 [INFO] Generating canonical manuscript tables 1 through 10...
2026-09-24 19:01:55,154 [INFO] All 10 canonical manuscript tables successfully generated.
2026-09-24 19:01:55,154 [INFO] Generating final_claim_audit.csv...
2026-09-24 19:01:55,156 [INFO] Saved final_claim_audit.csv.
2026-09-24 19:01:55,157 [INFO] Generating 8 canonical manuscript publication figures...
2026-09-24 19:01:58,030 [INFO] All 8 publication figures compiled in manuscript/figures/ and results/figures/.
2026-09-24 19:01:58,031 [INFO] Generating supplementary package index...
2026-09-24 19:01:58,031 [INFO] Saved supplementary/README.md.
2026-09-24 19:01:58,031 [INFO] Generating REPRODUCIBILITY.md...
2026-09-24 19:01:58,032 [INFO] Saved REPRODUCIBILITY.md.
2026-09-24 19:01:58,032 [INFO] Generating project README.md...
2026-09-24 19:01:58,033 [INFO] Saved project README.md.
2026-09-24 19:01:58,033 [INFO] Generating complete scientific manuscript (manuscript/HSV1_proteome_analysis_final.md)...
2026-09-24 19:01:58,034 [INFO] Saved complete manuscript to manuscript/HSV1_proteome_analysis_final.md.
2026-09-24 19:01:58,034 [INFO] Generating final_project_validation.txt...
2026-09-24 19:01:58,034 [INFO] Saved final_project_validation.txt.
2026-09-24 19:01:58,034 [INFO] ================================================================================
2026-09-24 19:01:58,034 [INFO] FINAL SYNTHESIS COMPLETE — ALL DELIVERABLES GENERATED
2026-09-24 19:01:58,035 [INFO] ================================================================================
