2026-09-24 18:49:21,103 [INFO] ================================================================================
2026-09-24 18:49:21,104 [INFO] STARTING PHASE 15: BIOLOGICAL AND CONTEXTUAL INTERPRETATION
2026-09-24 18:49:21,104 [INFO] ================================================================================
2026-09-24 18:49:21,116 [INFO] Constructing phase15_protein_biological_context.csv...
2026-09-24 18:49:21,178 [INFO] Saved phase15_protein_biological_context.csv (N=74).
2026-09-24 18:49:21,178 [INFO] Constructing phase15_temporal_functional_context.csv...
2026-09-24 18:49:21,200 [INFO] Saved phase15_temporal_functional_context.csv.
2026-09-24 18:49:21,201 [INFO] Constructing phase15_difficult_protein_context.csv...
2026-09-24 18:49:21,231 [INFO] Saved phase15_difficult_protein_context.csv.
2026-09-24 18:49:21,232 [INFO] Constructing phase15_representation_disagreement_context.csv...
2026-09-24 18:49:21,269 [INFO] Saved phase15_representation_disagreement_context.csv (N=30).
2026-09-24 18:49:21,269 [INFO] Constructing phase15_source_audit.csv...
2026-09-24 18:49:21,277 [INFO] Saved phase15_source_audit.csv.
2026-09-24 18:49:21,277 [INFO] Generating Phase 15 biological contextualization figures...
2026-09-24 18:49:23,049 [INFO] All 3 Phase 15 figures successfully generated.
2026-09-24 18:49:23,050 [INFO] Generating Phase 15 written markdown documents...
2026-09-24 18:49:23,053 [INFO] All Phase 15 written documents successfully generated.
2026-09-24 18:49:23,053 [INFO] ================================================================================
2026-09-24 18:49:23,053 [INFO] PHASE 15 BIOLOGICAL CONTEXTUALIZATION PIPELINE COMPLETED SUCCESSFULLY
2026-09-24 18:49:23,053 [INFO] ================================================================================
